#-----------------------------------------------------------
# Vivado v2019.1 (64-bit)
# SW Build 2552052 on Fri May 24 14:49:42 MDT 2019
# IP Build 2548770 on Fri May 24 18:01:18 MDT 2019
# Start of session at: Wed Oct 28 08:43:20 2020
# Process ID: 27780
# Current directory: F:/jpeg_ip_streamer/jpeg_z7
# Command line: vivado.exe -gui_launcher_event rodinguilauncherevent13764 F:\jpeg_ip_streamer\jpeg_z7\jpeg_z7.xpr
# Log file: F:/jpeg_ip_streamer/jpeg_z7/vivado.log
# Journal file: F:/jpeg_ip_streamer/jpeg_z7\vivado.jou
#-----------------------------------------------------------
start_gui
open_project F:/jpeg_ip_streamer/jpeg_z7/jpeg_z7.xpr
update_compile_order -fileset sources_1
open_hw
connect_hw_server
open_hw_target
set_property PROGRAM.FILE {F:/jpeg_ip_streamer/jpeg_z7/jpeg_z7.runs/impl_1/jpeg_uart.bit} [get_hw_devices xc7z020_1]
current_hw_device [get_hw_devices xc7z020_1]
refresh_hw_device -update_hw_probes false [lindex [get_hw_devices xc7z020_1] 0]
create_hw_cfgmem -hw_device [lindex [get_hw_devices xc7z020_1] 0] [lindex [get_cfgmem_parts {mt25ql128-qspi-x4-single}] 0]
set_property PROGRAM.BLANK_CHECK  0 [ get_property PROGRAM.HW_CFGMEM [lindex [get_hw_devices xc7z020_1] 0]]
set_property PROGRAM.ERASE  1 [ get_property PROGRAM.HW_CFGMEM [lindex [get_hw_devices xc7z020_1] 0]]
set_property PROGRAM.CFG_PROGRAM  1 [ get_property PROGRAM.HW_CFGMEM [lindex [get_hw_devices xc7z020_1] 0]]
set_property PROGRAM.VERIFY  1 [ get_property PROGRAM.HW_CFGMEM [lindex [get_hw_devices xc7z020_1] 0]]
set_property PROGRAM.CHECKSUM  0 [ get_property PROGRAM.HW_CFGMEM [lindex [get_hw_devices xc7z020_1] 0]]
refresh_hw_device [lindex [get_hw_devices xc7z020_1] 0]
set_property STEPS.WRITE_BITSTREAM.ARGS.BIN_FILE true [get_runs impl_1]
reset_run impl_1 -prev_step 
launch_runs impl_1 -to_step write_bitstream -jobs 24
wait_on_run impl_1
set_property PROGRAM.ADDRESS_RANGE  {use_file} [ get_property PROGRAM.HW_CFGMEM [lindex [get_hw_devices xc7z020_1] 0]]
set_property PROGRAM.FILES [list "F:/jpeg_ip_streamer/jpeg_z7/jpeg_z7.runs/impl_1/jpeg_uart.bin" ] [ get_property PROGRAM.HW_CFGMEM [lindex [get_hw_devices xc7z020_1] 0]]
set_property PROGRAM.BIN_OFFSET {0} [ get_property PROGRAM.HW_CFGMEM [lindex [get_hw_devices xc7z020_1] 0]]
set_property PROGRAM.BLANK_CHECK  0 [ get_property PROGRAM.HW_CFGMEM [lindex [get_hw_devices xc7z020_1] 0]]
set_property PROGRAM.ERASE  1 [ get_property PROGRAM.HW_CFGMEM [lindex [get_hw_devices xc7z020_1] 0]]
set_property PROGRAM.CFG_PROGRAM  1 [ get_property PROGRAM.HW_CFGMEM [lindex [get_hw_devices xc7z020_1] 0]]
set_property PROGRAM.VERIFY  1 [ get_property PROGRAM.HW_CFGMEM [lindex [get_hw_devices xc7z020_1] 0]]
set_property PROGRAM.CHECKSUM  0 [ get_property PROGRAM.HW_CFGMEM [lindex [get_hw_devices xc7z020_1] 0]]
delete_hw_cfgmem [ get_property PROGRAM.HW_CFGMEM [get_hw_devices xc7z020_1 ]]
set_property PROBES.FILE {} [get_hw_devices xc7z020_1]
set_property FULL_PROBES.FILE {} [get_hw_devices xc7z020_1]
set_property PROGRAM.FILE {F:/jpeg_ip_streamer/jpeg_z7/jpeg_z7.runs/impl_1/jpeg_uart.bit} [get_hw_devices xc7z020_1]
program_hw_devices [get_hw_devices xc7z020_1]
refresh_hw_device [lindex [get_hw_devices xc7z020_1] 0]
reset_run synth_1
launch_runs impl_1 -to_step write_bitstream -jobs 24
wait_on_run impl_1
set_property PROBES.FILE {} [get_hw_devices xc7z020_1]
set_property FULL_PROBES.FILE {} [get_hw_devices xc7z020_1]
set_property PROGRAM.FILE {F:/jpeg_ip_streamer/jpeg_z7/jpeg_z7.runs/impl_1/jpeg_uart.bit} [get_hw_devices xc7z020_1]
program_hw_devices [get_hw_devices xc7z020_1]
refresh_hw_device [lindex [get_hw_devices xc7z020_1] 0]
refresh_hw_device [lindex [get_hw_devices xc7z020_1] 0]
update_ip_catalog -rebuild -scan_changes
report_ip_status -name ip_status
upgrade_ip -srcset encoder_0 -vlnv xilinx.com:user:jpeg_encoder:1.0 [get_ips  encoder_0] -log ip_upgrade.log
export_ip_user_files -of_objects [get_ips encoder_0] -no_script -sync -force -quiet
report_ip_status -name ip_status 
update_compile_order -fileset sources_1
reset_run synth_1
launch_runs impl_1 -to_step write_bitstream -jobs 24
wait_on_run impl_1
set_property PROBES.FILE {} [get_hw_devices xc7z020_1]
set_property FULL_PROBES.FILE {} [get_hw_devices xc7z020_1]
set_property PROGRAM.FILE {F:/jpeg_ip_streamer/jpeg_z7/jpeg_z7.runs/impl_1/jpeg_uart.bit} [get_hw_devices xc7z020_1]
program_hw_devices [get_hw_devices xc7z020_1]
refresh_hw_device [lindex [get_hw_devices xc7z020_1] 0]
open_run impl_1
set_property PROBES.FILE {} [get_hw_devices xc7z020_1]
set_property FULL_PROBES.FILE {} [get_hw_devices xc7z020_1]
set_property PROGRAM.FILE {F:/jpeg_ip_streamer/jpeg_z7/jpeg_z7.runs/impl_1/jpeg_uart.bit} [get_hw_devices xc7z020_1]
program_hw_devices [get_hw_devices xc7z020_1]
refresh_hw_device [lindex [get_hw_devices xc7z020_1] 0]
update_ip_catalog -rebuild -scan_changes
report_ip_status -name ip_status
upgrade_ip -srcset encoder_0 -vlnv xilinx.com:user:jpeg_encoder:1.0 [get_ips  encoder_0] -log ip_upgrade.log
export_ip_user_files -of_objects [get_ips encoder_0] -no_script -sync -force -quiet
report_ip_status -name ip_status 
update_compile_order -fileset sources_1
close_design
reset_run synth_1
launch_runs impl_1 -to_step write_bitstream -jobs 24
wait_on_run impl_1
set_property PROBES.FILE {} [get_hw_devices xc7z020_1]
set_property FULL_PROBES.FILE {} [get_hw_devices xc7z020_1]
set_property PROGRAM.FILE {F:/jpeg_ip_streamer/jpeg_z7/jpeg_z7.runs/impl_1/jpeg_uart.bit} [get_hw_devices xc7z020_1]
program_hw_devices [get_hw_devices xc7z020_1]
refresh_hw_device [lindex [get_hw_devices xc7z020_1] 0]
set_property PROBES.FILE {} [get_hw_devices xc7z020_1]
set_property FULL_PROBES.FILE {} [get_hw_devices xc7z020_1]
set_property PROGRAM.FILE {F:/jpeg_ip_streamer/jpeg_z7/jpeg_z7.runs/impl_1/jpeg_uart.bit} [get_hw_devices xc7z020_1]
program_hw_devices [get_hw_devices xc7z020_1]
refresh_hw_device [lindex [get_hw_devices xc7z020_1] 0]
update_ip_catalog -rebuild -scan_changes
report_ip_status -name ip_status
upgrade_ip -srcset encoder_0 -vlnv xilinx.com:user:jpeg_encoder:1.0 [get_ips  encoder_0] -log ip_upgrade.log
export_ip_user_files -of_objects [get_ips encoder_0] -no_script -sync -force -quiet
report_ip_status -name ip_status 
update_compile_order -fileset sources_1
reset_run synth_1
launch_runs impl_1 -to_step write_bitstream -jobs 24
wait_on_run impl_1
set_property PROBES.FILE {} [get_hw_devices xc7z020_1]
set_property FULL_PROBES.FILE {} [get_hw_devices xc7z020_1]
set_property PROGRAM.FILE {F:/jpeg_ip_streamer/jpeg_z7/jpeg_z7.runs/impl_1/jpeg_uart.bit} [get_hw_devices xc7z020_1]
program_hw_devices [get_hw_devices xc7z020_1]
refresh_hw_device [lindex [get_hw_devices xc7z020_1] 0]
