#-----------------------------------------------------------
# Vivado v2019.1 (64-bit)
# SW Build 2552052 on Fri May 24 14:49:42 MDT 2019
# IP Build 2548770 on Fri May 24 18:01:18 MDT 2019
# Start of session at: Mon Dec 14 13:14:10 2020
# Process ID: 19680
# Current directory: F:/jpeg_encoder/asic/jpeg_z7_asic
# Command line: vivado.exe -gui_launcher_event rodinguilauncherevent8936 F:\jpeg_encoder\asic\jpeg_z7_asic\jpeg_z7_asic.xpr
# Log file: F:/jpeg_encoder/asic/jpeg_z7_asic/vivado.log
# Journal file: F:/jpeg_encoder/asic/jpeg_z7_asic\vivado.jou
#-----------------------------------------------------------
start_gui
open_project F:/jpeg_encoder/asic/jpeg_z7_asic/jpeg_z7_asic.xpr
update_compile_order -fileset sources_1
launch_simulation
source jpeg_tb.tcl
run 100 ms
run 100 ms
# Disabling source management mode.  This is to allow the top design properties to be set without GUI intervention.
set_property source_mgmt_mode None [current_project]
set_property top jpeg_uart [current_fileset]
# Re-enabling previously disabled source management mode.
set_property source_mgmt_mode All [current_project]
update_compile_order -fileset sources_1
close_sim
close_project
open_project F:/jpeg_encoder/fpga/jpeg_z7/jpeg_z7.xpr
update_compile_order -fileset sources_1
close_project
open_project F:/jpeg_encoder/asic/jpeg_z7_asic/jpeg_z7_asic.xpr
update_compile_order -fileset sources_1
# Disabling source management mode.  This is to allow the top design properties to be set without GUI intervention.
set_property source_mgmt_mode None [current_project]
set_property top jpeg [current_fileset]
# Re-enabling previously disabled source management mode.
set_property source_mgmt_mode All [current_project]
update_compile_order -fileset sources_1
add_files -norecurse F:/jpeg_encoder/asic/jpeg_z7_asic/src/piso_streamer.sv
update_compile_order -fileset sources_1
update_compile_order -fileset sources_1
reset_simulation -simset sim_1 -mode behavioral
reset_simulation -simset sim_1 -mode behavioral
launch_simulation
source jpeg_tb.tcl
run 100 ms
relaunch_sim
run 100 ms
restart
run 100 ms
relaunch_sim
run 100 ms
close_sim
reset_simulation -simset sim_1 -mode behavioral
launch_simulation
launch_simulation
source jpeg_tb.tcl
relaunch_sim
relaunch_sim
relaunch_sim
relaunch_sim
relaunch_sim
run 100 ms
run 100 ms
relaunch_sim
run 100 ms
relaunch_sim
run 100 ms
run 100 ms
restart
run 2 s
restart
run 2 s
restart
run 2 s
relaunch_sim
run 2 s
close_sim
